                                                               [0;38;5;153;48;5;235m│1[0;38;5;246;48;5;235m: Agents[0;48;5;235m  [0;38;5;153;48;5;235m2[0;38;5;246;48;5;235m: Plan[0;48;5;235m  [0;38;5;153;48;5;235m3[0;38;5;246;48;5;235m: Evidence[0;48;5;235m  [0;38;5;153;48;5;235m4[0;38;5;246;48;5;235m: Notepad[0;48;5;235m            [0;38;5;246;48;5;235m✕[0m
[0;38;5;174m ▐[0;38;5;174;48;5;16m▛███▛█[0m   [0;1mClaude Code[0m [0;38;5;246mv2.1.287[0m                                [0;38;5;153;48;5;235m│5[0;38;5;246;48;5;235m: Feedback[0;48;5;235m  [0;38;5;153;48;5;235m6[0;38;5;246;48;5;235m: Stats[0;48;5;235m  [0;38;5;153;48;5;235m7[0;48;5;235m: Doctor                        [0m
[0;38;5;174m▝▜[0;38;5;174;48;5;16m█████[0;38;5;174m█▀[0m  [0;38;5;246mOpus 5.5 · API Usage Billing[0m                        [0;38;5;153;48;5;235m│[0;38;5;246;48;5;235m─────────────────────────────────────────────────────[0;48;5;235m   [0m
[0;38;5;174m ▝▝   ▝▝ [0m  [0;38;5;246m@oh-my-claudeagent:sisyphus · ~/dev/acme-app[0m        [0;38;5;153;48;5;235m│r[0;48;5;235m: Run again   [0;38;5;246;48;5;235m1 info · 12 ok · checked 09:41[0;48;5;235m           [0m
                                                               [0;38;5;153;48;5;235m│[0;38;5;246;48;5;235m· [0;1;48;5;235mAdvisor[0;48;5;235m                                               [0m
                                                               [0;38;5;153;48;5;235m│[0;48;5;235m  No advisorModel; /advisor fable turns the advisor     [0m
[0;38;5;246;48;5;237m❯ [0;38;5;231;48;5;237mSay hello[0;48;5;237m                                                    [0;38;5;153;48;5;235m│[0;48;5;235m  on                                                    [0m
                                                               [0;38;5;153;48;5;235m│[0;38;5;114;48;5;235m✓ [0;1;48;5;235mOMCA[0;48;5;235m                                                  [0m
[0;38;5;231m●[0m Hello.                                                       [0;38;5;153;48;5;235m│[0;48;5;235m  oh-my-claudeagent 3.0.0 is loaded                     [0m
                                                               [0;38;5;153;48;5;235m│[0;38;5;114;48;5;235m✓ [0;1;48;5;235mClaude Code[0;48;5;235m                                           [0m
[0;38;5;246m✻ Worked for 9s · done 9:41 AM[0m                                 [0;38;5;153;48;5;235m│[0;48;5;235m  2.1.287 meets the 2.1.287 floor                       [0m
                                                               [0;38;5;153;48;5;235m│[0;38;5;114;48;5;235m✓ [0;1;48;5;235mbun[0;48;5;235m                                                   [0m
[0;38;5;246m●[0m [0;38;5;246moh-my-claudeagent: 9s · 1 in 1 out · $0.0000 engine [0m         [0;38;5;153;48;5;235m│[0;48;5;235m  bun 1.4.2 is on PATH                                  [0m
  [0;38;5;246mcost[0m                                                         [0;38;5;153;48;5;235m│[0;38;5;114;48;5;235m✓ [0;1;48;5;235momca server[0;48;5;235m                                           [0m
                                                               [0;38;5;153;48;5;235m│[0;48;5;235m  Last hook call under a minute ago                     [0m
                                                               [0;38;5;153;48;5;235m│[0;38;5;114;48;5;235m✓ [0;1;48;5;235mast-grep[0;48;5;235m                                              [0m
                                                               [0;38;5;153;48;5;235m│[0;48;5;235m  ast-grep 0.44.1 is on PATH                            [0m
                                                               [0;38;5;153;48;5;235m│[0;38;5;114;48;5;235m✓ [0;1;48;5;235mOptions[0;48;5;235m                                               [0m
                                                               [0;38;5;153;48;5;235m│[0;48;5;235m  showBand on, guardMode dialog                         [0m
                                                               [0;38;5;153;48;5;235m│[0;38;5;114;48;5;235m✓ [0;1;48;5;235mAgent models[0;48;5;235m                                          [0m
                                                               [0;38;5;153;48;5;235m│[0;48;5;235m  Each agent keeps the model tier it declares           [0m
                                                               [0;38;5;153;48;5;235m│[0;38;5;114;48;5;235m✓ [0;1;48;5;235mEffort cap[0;48;5;235m                                            [0m
                                                               [0;38;5;153;48;5;235m│[0;48;5;235m  No maxEffortLevel, so agents run at the effort they   [0m
                                                               [0;38;5;153;48;5;235m│[0;48;5;235m  declare                                               [0m
                                                               [0;38;5;153;48;5;235m│[0;38;5;114;48;5;235m✓ [0;1;48;5;235mMod policy[0;48;5;235m                                            [0m
                                                               [0;38;5;153;48;5;235m│[0;48;5;235m  Mods you install may load                             [0m
                                                               [0;38;5;153;48;5;235m│[0;38;5;114;48;5;235m✓ [0;1;48;5;235mHooks[0;48;5;235m                                                 [0m
                                                               [0;38;5;153;48;5;235m│[0;48;5;235m  Neither disableAllHooks nor allowManagedHooksOnly     [0m
                                                               [0;38;5;153;48;5;235m│[0;48;5;235m  is set                                                [0m
                                                               [0;38;5;153;48;5;235m│[0;38;5;114;48;5;235m✓ [0;1;48;5;235mOutput style[0;48;5;235m                                          [0m
                                                               [0;38;5;153;48;5;235m│[0;48;5;235m  OMCA Default is forced by the plugin                  [0m
                                                               [0;38;5;153;48;5;235m│[0;38;5;114;48;5;235m✓ [0;1;48;5;235mStatus line[0;48;5;235m                                           [0m
                                                               [0;38;5;153;48;5;235m│[0;48;5;235m  Refreshes every 5 s as well as on events              [0m
                                                               [0;38;5;153;48;5;235m│[0;48;5;235m                                                        [0m
                                                               [0;38;5;153;48;5;235m│[0;48;5;235m                                                        [0m
                                                               [0;38;5;153;48;5;235m│[0;48;5;235m                                                        [0m
                                                               [0;38;5;153;48;5;235m│[0;48;5;235m                                                        [0m
                                                               [0;38;5;153;48;5;235m│[0;48;5;235m                                                        [0m
[0;1mcheckout-redesign[0;38;5;246m 6/14 tasks · no verification yet[0m          [0;38;5;246m[-][0;38;5;153;48;5;235m│[0;48;5;235m                                                        [0m
                                           [0;38;5;246m◐ medium · /effort[0m  [0;38;5;153;48;5;235m│[0;48;5;235m                                                        [0m
[0;38;5;140m──────────────────────────────────────────────────────────────────────────────────────────────[0;38;5;16;48;5;140m OMCA: checkout-redesign [0;38;5;140m─[0m
❯ [0;7m [0m                                                                                                                     
[0;38;5;140m────────────────────────────────────────────────────────────────────────────────────────────────────────────────────────[0m
   [0;36m> Opus 5.5[0;38;5;246m [0;90m·[0;38;5;246m [0;33mE: medium[0;38;5;246m [0;90m·[0;38;5;246m [0;32mT: 6/14[0;38;5;246m [0;90m-> Wire the order summary panel[0;38;5;246m [0;90m·[0;38;5;246m [0;90m▱▱▱▱▱▱▱▱▱▱▱[0;38;5;246m [0;32m0%[0;38;5;246m  [0;90m1M[0;38;5;246m [0;90m·[0;38;5;246m [0;37m* main[0;38;5;246m [0;33m~2[0;38;5;246m  [0;32m+1[0;38;5;246m [0;90m·[0;38;5;246m [0;90m> acme-app[0m   
   [0;35m$0.00[0;38;5;246m [0;90m·[0;38;5;246m [0;34m~ 0m 9s[0m                                                                                                      
  [0;38;5;246m⏸ manual mode on · ← for agents[0m                                                                                       
