[0;38;5;174m ▐[0;38;5;174;48;5;16m▛███▛█[0m   [0;1mClaude Code[0m [0;38;5;246mv2.1.287[0m                                                                                         
[0;38;5;174m▝▜[0;38;5;174;48;5;16m█████[0;38;5;174m█▀[0m  [0;38;5;246mOpus 5.5 · API Usage Billing[0m                                                                                 
[0;38;5;174m ▝▝   ▝▝ [0m  [0;38;5;246m@oh-my-claudeagent:sisyphus · ~/dev/acme-app[0m                                                                 
                                                                                                                        
                                                                                                                        
[0;38;5;246;48;5;237m❯ [0;38;5;231;48;5;237mClean the build[0;48;5;237m                                                                                                       [0m
                                                                                                                        
[0;38;5;246m●[0m Removing the build output                                                                                             
[0;38;5;246m  ⎿  $ rm -rf build[0m                                                                                                     
[0;38;5;246m────────────────────────────────────────────────────────────────────────────────────────────────────────────────────────[0m
[0;38;5;16;48;5;153m ☐ OMCA guard [0m                                                                                                          
                                                                                                                        
[0;2m│[0m [0;1;38;5;231mOMCA held this command for your review:[0m                                                                               
[0;2m│[0m [0;1;38;5;231m  rm -rf build[0m                                                                                                        
[0;2m│[0m [0;1;38;5;231mIt would remove:[0m                                                                                                      
[0;2m│[0m [0;1;38;5;231m  build  dir, 4 entries[0m                                                                                               
[0;2m│[0m [0;1;38;5;231mRun it?[0m                                                                                                               
                                                                                                                        
[0;38;5;153m❯[0m [0;38;5;246m1.[0m [0;38;5;153mRefuse[0m                                                                                                             
  [0;38;5;246m2.[0m Run it                                                                                                             
  [0;38;5;246m3. Type something.[0m                                                                                                    
[0;38;5;246m────────────────────────────────────────────────────────────────────────────────────────────────────────────────────────[0m
  4. Chat about this                                                                                                    
                                                                                                                        
[0;38;5;246mEnter to select · ↑/↓ to navigate · Esc to cancel[0m                                                                       
[0;38;5;140m──────────────────────────────────────────────────────────────────────────────────────────────[0;38;5;16;48;5;140m OMCA: checkout-redesign [0;38;5;140m─[0m
