                                                               [0;38;5;153;48;5;235m│1[0;38;5;246;48;5;235m: Agents[0;48;5;235m  [0;38;5;153;48;5;235m2[0;48;5;235m: Plan  [0;38;5;153;48;5;235m3[0;38;5;246;48;5;235m: Evidence[0;48;5;235m  [0;38;5;153;48;5;235m4[0;38;5;246;48;5;235m: Notepad[0;48;5;235m            [0;38;5;246;48;5;235m✕[0m
[0;38;5;174m ▐[0;38;5;174;48;5;16m▛███▛█[0m   [0;1mClaude Code[0m [0;38;5;246mv2.1.287[0m                                [0;38;5;153;48;5;235m│5[0;38;5;246;48;5;235m: Feedback[0;48;5;235m  [0;38;5;153;48;5;235m6[0;38;5;246;48;5;235m: Stats[0;48;5;235m  [0;38;5;153;48;5;235m7[0;38;5;246;48;5;235m: Doctor[0;48;5;235m                        [0m
[0;38;5;174m▝▜[0;38;5;174;48;5;16m█████[0;38;5;174m█▀[0m  [0;38;5;246mOpus 5.5 · API Usage Billing[0m                        [0;38;5;153;48;5;235m│[0;38;5;246;48;5;235m─────────────────────────────────────────────────────[0;48;5;235m   [0m
[0;38;5;174m ▝▝   ▝▝ [0m  [0;38;5;246m@oh-my-claudeagent:sisyphus · ~/dev/acme-app[0m        [0;38;5;153;48;5;235m│[0;38;5;246;48;5;235mShip the checkout redesign[0;48;5;235m                    [0;38;5;246;48;5;235m12 / 19[0;48;5;235m   [0m
                                                               [0;38;5;153;48;5;235m│t[0;48;5;235m: Contents  [0;38;5;153;48;5;235mp[0;48;5;235m: Prev  [0;7;38;5;153;48;5;235mn[0;7;48;5;235m: Next[0;48;5;235m  [0;38;5;153;48;5;235mr[0;48;5;235m: Reload                [0m
                                                               [0;38;5;153;48;5;235m│[0;38;5;246;48;5;235m─────────────────────────────────────────────────────[0;48;5;235m   [0m
                                                               [0;38;5;153;48;5;235m│[0;1;48;5;235m[ ] 7. Wire the order summary panel[0;48;5;235m                     [0m
                                                               [0;38;5;153;48;5;235m│[0;48;5;235m                                                        [0m
                                                               [0;38;5;153;48;5;235m│[0;48;5;235m- File: [0;38;5;153;48;5;235msrc/steps/summary.tsx[0;48;5;235m                           [0m
                                                               [0;38;5;153;48;5;235m│[0;48;5;235m- Do: Wire the order summary panel, keep the checkout   [0m
                                                               [0;38;5;153;48;5;235m│[0;48;5;235m  interface as it is, and leave the stored order        [0m
                                                               [0;38;5;153;48;5;235m│[0;48;5;235m  schema alone.                                         [0m
                                                               [0;38;5;153;48;5;235m│[0;48;5;235m- Done when: [0;38;5;153;48;5;235mbun test src/steps/summary.spec.ts[0;48;5;235m exits   [0m
                                                               [0;38;5;153;48;5;235m│[0;48;5;235m  0 and the old code path is gone.                      [0m
                                                               [0;38;5;153;48;5;235m│[0;48;5;235m- Depends: 6                                            [0m
                                                               [0;38;5;153;48;5;235m│[0;48;5;235m                                                        [0m
                                                               [0;38;5;153;48;5;235m│[0;38;5;246;48;5;235m↑↓ scroll · esc contents[0;48;5;235m                                [0m
                                                               [0;38;5;153;48;5;235m│[0;48;5;235m                                                        [0m
                                                               [0;38;5;153;48;5;235m│[0;48;5;235m                                                        [0m
                                                               [0;38;5;153;48;5;235m│[0;48;5;235m                                                        [0m
                                                               [0;38;5;153;48;5;235m│[0;48;5;235m                                                        [0m
                                                               [0;38;5;153;48;5;235m│[0;48;5;235m                                                        [0m
[0;1mcheckout-redesign[0;38;5;246m 6/14 tasks · no verification yet[0m          [0;38;5;246m[-][0;38;5;153;48;5;235m│[0;48;5;235m                                                        [0m
                                           [0;38;5;246m◐ medium · /effort[0m  [0;38;5;153;48;5;235m│[0;48;5;235m                                                        [0m
[0;38;5;140m───────────────────────────────────────────────────────────────────────────────────────────[0;38;5;16;48;5;140m oh-my-claudeagent:sisyphus [0;38;5;140m─[0m
❯ [0;7m [0m                                                                                                                     
[0;38;5;140m────────────────────────────────────────────────────────────────────────────────────────────────────────────────────────[0m
   [0;36m> Opus 5.5[0;38;5;246m [0;90m·[0;38;5;246m [0;33mE: medium[0;38;5;246m [0;90m·[0;38;5;246m [0;36m[T][0;38;5;246m [0;90m·[0;38;5;246m [0;32mT: 6/14[0;38;5;246m [0;90m-> Wire the order summary panel[0;38;5;246m [0;90m·[0;38;5;246m [0;90m00000000[0;38;5;246m [0;90m·[0;38;5;246m [0;37m* main[0;38;5;246m [0;90m·[0;38;5;246m [0;33m~2[0;38;5;246m  [0;32m+1[0;38;5;246m [0;90m·[0;38;5;246m [0;90m> acme-app[0;38;5;246m [0;90m…[0m   
   [0;90m▱▱▱▱▱▱▱▱▱▱▱▱▱▱▱▱▱▱▱▱[0;38;5;246m [0;90m[waiting...][0;38;5;246m  [0;90m1M[0;38;5;246m [0;90m·[0;38;5;246m [0;35m$0.00[0;38;5;246m [0;90m·[0;38;5;246m [0;34m~ 0m 9s[0;38;5;246m [0;90m·[0;38;5;246m [0;90mapi 9s[0m                                                     
  [0;38;5;246m⏸ manual mode on · ← for agents[0m                                                                                       
