                                                                                                                                                                
[0;38;5;174m ▐[0;38;5;174;48;5;16m▛███▛█[0m   [0;1mClaude Code[0m [0;38;5;246mv2.1.287[0m                                                                                                                                 
[0;38;5;174m▝▜[0;38;5;174;48;5;16m█████[0;38;5;174m█▀[0m  [0;38;5;246mOpus 5.5 · API Usage Billing[0m                                                                                                                         
[0;38;5;174m ▝▝   ▝▝ [0m  [0;38;5;246m@oh-my-claudeagent:sisyphus · ~/dev/acme-app[0m                                                                                                         
                                                                                                                                                                
                                                                                                                                                                
[0;38;5;246;48;5;237m❯ [0;38;5;231;48;5;237mRun the type and lint checks in parallel[0;48;5;237m                                                                                                                      [0m
                                                                                                                                                                
[0;38;5;231m●[0m I will run both checks at once.                                                                                                                               
                                                                                                                                                                
[0;38;5;114m●[0m [0;1m2[0m background agents launched [0;38;5;246m(↓ to manage)[0m                                                                                                                    
   [0;38;5;246m├[0m [0;1mCheck the types[0m                                                                                                                                            
   [0;38;5;246m└[0m [0;1mCheck the lint rules[0m                                                                                                                                       
                                                                                                                                                                
[0;38;5;231m●[0m Both checks are running.                                                                                                                                      
                                                                                                                                                                
[0;38;5;246m✻[0m [0;38;5;246mWaiting for [0;1;38;5;246m2[0;38;5;246m background agents to finish[0m                                                                                                                     
                                                                                                                                                                
[0;38;5;246m●[0m [0;38;5;246moh-my-claudeagent: 9s · 1 in 1 out · $0.0001 engine cost[0m                                                                                                      
                                                                                                                                                                
                                                                                                                                                                
                                                                                                                                                                
[0;1mcheckout-redesign[0;38;5;246m 6/14 tasks · no verification yet[0m                                                                                                           [0;38;5;246m[-][0m
                                                                                                                                            [0;38;5;246m◐ medium · /effort[0m  
[0;38;5;140m──────────────────────────────────────────────────────────────────────────────────────────────────────────────────────────────────────[0;38;5;16;48;5;140m OMCA: checkout-redesign [0;38;5;140m─[0m
❯ [0;7m [0m                                                                                                                                                             
[0;38;5;140m────────────────────────────────────────────────────────────────────────────────────────────────────────────────────────────────────────────────────────────────[0m
   [0;36m> Opus 5.5[0;38;5;246m [0;90m·[0;38;5;246m [0;33mE: medium[0;38;5;246m [0;90m·[0;38;5;246m [0;32mT: 6/14[0;38;5;246m [0;90m-> Wire the order summary panel[0;38;5;246m [0;90m·[0;38;5;246m [0;90m▱▱▱▱▱▱▱▱▱▱▱▱▱▱▱▱▱▱▱[0;38;5;246m [0;32m0%[0;38;5;246m  [0;90m1M[0;38;5;246m [0;90m·[0;38;5;246m [0;37m* main[0;38;5;246m [0;33m~2[0;38;5;246m  [0;32m+1[0;38;5;246m [0;90m·[0;38;5;246m [0;90m> acme-app[0;38;5;246m [0;90m·[0;38;5;246m [0;35mA: oh-my-claudeagent:sisyphus[0m   
   [0;35m$0.00[0;38;5;246m [0;90m·[0;38;5;246m [0;34m~ 0m 9s[0m                                                                                                                                              
  [0;38;5;246m⏸ manual mode on · ← for agents[0m                                                                                                                               
                                                                                                                                                                
[0;1m  ● main[0m                                                                                                                                                        
[0;38;5;246m  ◯ [0;37mA: Check the types[0;38;5;246m [0;90m·[0;38;5;246m [0;90m> Sonnet 5.5[0;38;5;246m [0;90m·[0;38;5;246m [0;33mrunning[0;38;5;246m [0;90m·[0;38;5;246m [0;33mE: high[0;38;5;246m [0;90m·[0;38;5;246m [0;90m0% ctx[0m                                                                                              
[0;38;5;246m  ◯ [0;37mA: Check the lint rules[0;38;5;246m [0;90m·[0;38;5;246m [0;90m> Sonnet 5.5[0;38;5;246m [0;90m·[0;38;5;246m [0;33mrunning[0;38;5;246m [0;90m·[0;38;5;246m [0;33mE: high[0;38;5;246m [0;90m·[0;38;5;246m [0;90m0% ctx[0m                                                                                         
